RadioactiveDecay: /Users/riccardo/geant4-v11.4.1/share/Geant4/data/RadioactiveDecay6.1.2
ENSDFSTATE:       /Users/riccardo/geant4-v11.4.1/share/Geant4/data/G4ENSDFSTATE3.0/ENSDFSTATE.dat

Levels with non-IT decay branches having Q <= 0 (intensity > 0)
   Ni59               4 branches,    0.000 % of decays, BetaPlus/KshellEC/LshellEC/MshellEC; Q = -26.246, -26.246, -26.246, ...
   Rb98              11 branches,  100.000 % of decays, BetaMinus; Q = -215.64, -1224.4, -1600.69, ...
   Rb98[270]         22 branches,   82.706 % of decays, BetaMinus; Q = -164.07, -597.37, -601.34, ...
   Y88               16 branches,  100.000 % of decays, BetaPlus/KshellEC/LshellEC/MshellEC; Q = -1836.09, -2734.14, -3218.49, ...
   Y92               11 branches,   50.000 % of decays, BetaMinus; Q = 0, -934.51, -1382.77, ...
   Y94                7 branches,    2.671 % of decays, BetaMinus; Q = -50, -164.31, -324.42, ...
   Y96               23 branches,    0.468 % of decays, BetaMinus; Q = -60.5, -285.5, -385.75, ...
   Y96[1140]          2 branches,    1.600 % of decays, BetaMinus; Q = -36.9, -307.8
   Y97               11 branches,  100.000 % of decays, BetaMinus; Q = 0, -1103.13, -1264.35, ...
   Y97[667.52]       22 branches,   99.300 % of decays, BetaMinus; Q = -435.61, -596.83, -732.5, ...
   Y97[3522.6]        2 branches,    5.200 % of decays, BetaMinus; Q = -2047.5, -2084
   Zr85             128 branches,  100.000 % of decays, BetaPlus/KshellEC/LshellEC/MshellEC; Q = -19.68, -266.18, -435.95, ...
   Nb84              20 branches,  100.000 % of decays, BetaPlus/KshellEC/LshellEC/MshellEC; Q = -539.92, -1119.31, -1262.81, ...
   Nb87               4 branches,  100.000 % of decays, BetaPlus/KshellEC/LshellEC/MshellEC; Q = -335.84, -335.84, -335.84, ...
   Nb87[3.9]         12 branches,   60.884 % of decays, BetaPlus/KshellEC/LshellEC/MshellEC; Q = -197.01, -466.73, -1880.5, ...
   Nb100             90 branches,  100.000 % of decays, BetaMinus; Q = 0, -535.59, -695.13, ...
   Nb100[314]        82 branches,  100.000 % of decays, BetaMinus; Q = -822.02, -1293.37, -1457.44, ...
   Nb101             13 branches,  100.000 % of decays, BetaMinus; Q = -13.497, -170.958, -237.732, ...
   Mo87              16 branches,  100.000 % of decays, BetaPlus/KshellEC/LshellEC/MshellEC; Q = -3.9, -266.9, -334, ...
   Mo99               9 branches,  100.000 % of decays, BetaMinus; Q = -142.684, -509.096, -671.477, ...
   Tc86               4 branches,  100.000 % of decays, BetaPlus/KshellEC/LshellEC/MshellEC; Q = 0, 0, 0, ...
   Tc101              8 branches,  100.000 % of decays, BetaMinus; Q = -306.858, -311.368, -545.115, ...
   Ru103              7 branches,  100.000 % of decays, BetaMinus; Q = 0, -294.965, -357.396, ...
   Ru105             26 branches,  100.000 % of decays, BetaMinus; Q = -1136, -1265.74, -1285.12, ...
   Ru107             34 branches,   33.814 % of decays, BetaMinus; Q = -154.648, -228.96, -334.878, ...
   Ru108              3 branches,  100.000 % of decays, BetaMinus; Q = 0, -14.54, -164.98
   Rh98              28 branches,  100.000 % of decays, BetaPlus/KshellEC/LshellEC/MshellEC; Q = -652.46, -1414.36, -1817.19, ...
   Rh98[56.3]        20 branches,   99.999 % of decays, BetaPlus/KshellEC/LshellEC/MshellEC; Q = -1341.61, -1740.73, -1956.51, ...
   Rh105              5 branches,  100.000 % of decays, BetaMinus; Q = 0, -280.62, -306.41, ...
   Rh106             28 branches,   13.313 % of decays, BetaMinus; Q = -561.42, -567.16, -995.65, ...
   Rh106[137]         8 branches,  100.000 % of decays, BetaMinus; Q = -1228.72, -1373.09, -1380.32, ...
   Rh108              1 branches,    0.000 % of decays, BetaMinus; Q = -30.96
   Rh111              6 branches,  100.000 % of decays, BetaMinus; Q = -72.2, -191.3, -195.1, ...
   Rh116              7 branches,  100.000 % of decays, BetaMinus; Q = 0, -340.26, -737.84, ...
   Rh116[150]        22 branches,  100.000 % of decays, BetaMinus; Q = -727.58, -1223.01, -1408.97, ...
   Pd126              1 branches,  100.000 % of decays, BetaMinus; Q = -254.8
   Ag117             28 branches,  100.000 % of decays, BetaMinus; Q = 0, -135.4, -278.4, ...
   Ag117[28.6]       12 branches,   94.340 % of decays, BetaMinus; Q = -106.8, -107.8, -249.8, ...
   Ag118              1 branches,  100.000 % of decays, BetaMinus; Q = 0
   Ag118[127.63]      1 branches,   59.000 % of decays, BetaMinus; Q = -3201.37
   Ag120             11 branches,  100.000 % of decays, BetaMinus; Q = -505.94, -1203.7, -1323.07, ...
   Ag120[203]         2 branches,   72.993 % of decays, BetaMinus; Q = -1830.7, -1926.6
   Cd105            168 branches,  100.000 % of decays, BetaPlus/KshellEC/LshellEC/MshellEC; Q = -25.468, -877.82, -987.304, ...
   Cd107             44 branches,   99.999 % of decays, BetaPlus/KshellEC/LshellEC/MshellEC; Q = -93.125, -324.81, -423.15, ...
   Sn106             10 branches,  100.000 % of decays, BetaPlus/KshellEC; Q = -506.3, -893, -1218.7, ...
   Sn113              9 branches,   99.999 % of decays, KshellEC/LshellEC/MshellEC; Q = -391.699, -646.83, -1029.65, ...
   Sn133             86 branches,  100.000 % of decays, BetaMinus; Q = 0, -962.3, -2439.57, ...
   Te133              1 branches,    0.128 % of decays, BetaMinus; Q = -15.83
   I132              33 branches,  100.000 % of decays, BetaMinus; Q = -1440.32, -1803.71, -1963.01, ...
   I132[120]          4 branches,   14.000 % of decays, BetaMinus; Q = -2094.01, -2530.3, -2708, ...
   Eu130              1 branches,  100.000 % of decays, Proton; Q = 0
   Tb150              5 branches,    0.001 % of decays, Alpha/BetaPlus/KshellEC/LshellEC/MshellEC; Q = -6778.9, -86.9, -86.9, ...
   Tb162              1 branches,    0.027 % of decays, BetaMinus; Q = -69.7
   Dy163              1 branches,  100.000 % of decays, BetaMinus; Q = -2.831
   Ho141[66]          1 branches,    0.850 % of decays, Proton; Q = -136.2
   Ho154              1 branches,    0.001 % of decays, Alpha; Q = -17764.3
   Ho171              1 branches,  100.000 % of decays, BetaMinus; Q = -1766.2
   Er165              3 branches,  100.000 % of decays, KshellEC/LshellEC/MshellEC; Q = 0, 0, 0
   Yb164              9 branches,    0.319 % of decays, KshellEC/LshellEC/MshellEC; Q = -28.4, -51.98, -160.02, ...
   Lu150              1 branches,   72.312 % of decays, Proton; Q = 0
   Lu156[0X]          1 branches,   95.238 % of decays, Alpha; Q = -704
   Hf161              1 branches,    0.290 % of decays, Alpha; Q = -3227.5
   W161               1 branches,   73.000 % of decays, Alpha; Q = -576.4
   Ir194[190X]        1 branches,   97.000 % of decays, BetaMinus; Q = -20.14
   Au180              1 branches,    0.900 % of decays, Alpha; Q = -1309
   Au181              1 branches,    0.002 % of decays, Alpha; Q = -3375.2
   Bi195              1 branches,    0.027 % of decays, Alpha; Q = -1096.4
   Bi196[271]         1 branches,    0.000 % of decays, Alpha; Q = -1740.9
   Po212[2930]        1 branches,    1.021 % of decays, Alpha; Q = -15315.8
   Fr214[121]         1 branches,    0.050 % of decays, Alpha; Q = -357.3
   Ra214[1865.2]      1 branches,    0.005 % of decays, Alpha; Q = -2887.8
   U228               1 branches,    0.630 % of decays, Alpha; Q = -7300
   Pu233              1 branches,  100.000 % of decays, Alpha; Q = -15
   Am234              1 branches,  100.000 % of decays, BetaPlus; Q = -60
   Cm248              1 branches,    0.009 % of decays, Alpha; Q = -957.9
   total: 75 levels
