RadioactiveDecay: /Users/riccardo/geant4-v11.4.1/share/Geant4/data/RadioactiveDecay6.1.2
ENSDFSTATE:       /Users/riccardo/geant4-v11.4.1/share/Geant4/data/G4ENSDFSTATE3.0/ENSDFSTATE.dat

ENSDFSTATE levels with 1 s <= T1/2 < 1e15 s and no decay data in the library
   Cu76[0X]         T1/2 = 1.27 s     (no level)
   Y78[0X]          T1/2 = 5.8 s      (no level)
   Zr82             T1/2 = 32 s       (no file)
   Nb83             T1/2 = 3.9 s      (no file)
   Nb85             T1/2 = 20.5 s     (no level)
   Nb85[0Z]         T1/2 = 12 s       (no level)
   Nb86[0Y]         T1/2 = 56 s       (no level)
   Nb88[0X]         T1/2 = 7.7 min    (no level)
   Nb102[0X]        T1/2 = 1.3 s      (no level)
   Tc88[0Y]         T1/2 = 5.8 s      (no level)
   Tc102[0X]        T1/2 = 4.35 min   (no level)
   Ru91[0X]         T1/2 = 7.6 s      (no level)
   Rh94[0X]         T1/2 = 25.8 s     (no level)
   Rh108[0X]        T1/2 = 6 min      (no level)
   Rh110[0Y]        T1/2 = 28 s       (no level)
   Rh112[0Y]        T1/2 = 6.76 s     (no level)
   Rh114[0X]        T1/2 = 1.85 s     (no level)
   Ag96[0Y]         T1/2 = 6.9 s      (no level)
   Ag119[0Y]        T1/2 = 6 s        (no level)
   In120[0X]        T1/2 = 47.3 s     (no level)
   Sn131[0X]        T1/2 = 58.4 s     (no level)
   Sb120[0X]        T1/2 = 5.76 d     (no level)
   Sb128[0X]        T1/2 = 10.41 min  (no level)
   Sb132[0X]        T1/2 = 4.1 min    (no level)
   Te139            T1/2 = 1.6 s      (no file)
   Cs117[0Z]        T1/2 = 6.5 s      (no level)
   Cs118[0X]        T1/2 = 17 s       (no level)
   Cs119[0X]        T1/2 = 30.4 s     (no level)
   Cs120[0X]        T1/2 = 57 s       (no level)
   La124[0Y]        T1/2 = 29.21 s    (no level)
   La126[0W]        T1/2 = 50 s       (no level)
   La146[0X]        T1/2 = 9.8 s      (no level)
   Ce151[0X]        T1/2 = 1.02 s     (no level)
   Pr126            T1/2 = 3.14 s     (no file)
   Pr134[0Y]        T1/2 = 11 min     (no level)
   Pr155            T1/2 = 1.47 s     (no file)
   Nd129            T1/2 = 6.7 s      (no file)
   Nd129[0X]        T1/2 = 7 s        (no file)
   Nd129[0Z]        T1/2 = 2.6 s      (no file)
   Nd130            T1/2 = 13 s       (no file)
   Nd157            T1/2 = 1.15 s     (no file)
   Pm134[0X]        T1/2 = 22 s       (no level)
   Pm136[0Y]        T1/2 = 1.783 min  (no level)
   Pm138[0X]        T1/2 = 3.24 min   (no level)
   Pm140[0X]        T1/2 = 5.95 min   (no level)
   Pm152[150X]      T1/2 = 13.8 min   (no level)
   Pm154[0X]        T1/2 = 1.73 min   (no level)
   Pm161            T1/2 = 1.05 s     (no level)
   Sm133[0Y]        T1/2 = 3.5 s      (no level)
   Sm163            T1/2 = 1.23 s     (no file)
   Sm164            T1/2 = 1.43 s     (no level)
   Eu136[0Y]        T1/2 = 3.8 s      (no level)
   Eu142[0X]        T1/2 = 1.223 min  (no level)
   Gd139[0X]        T1/2 = 4.8 s      (no level)
   Gd167            T1/2 = 4.26 s     (no file)
   Gd168            T1/2 = 3.03 s     (no file)
   Tb143            T1/2 = 12 s       (no file)
   Tb143[0X]        T1/2 = 21 s       (no file)
   Tb146[0X]        T1/2 = 24.1 s     (no level)
   Tb154[0Y]        T1/2 = 22.7 h     (no level)
   Tb154[0X]        T1/2 = 9.4 h      (no level)
   Tb169            T1/2 = 5.1 s      (no file)
   Tb171            T1/2 = 1.24 s     (no file)
   Dy142            T1/2 = 2.3 s      (no level)
   Dy170            T1/2 = 55 s       (no level)
   Dy171            T1/2 = 4.1 s      (no file)
   Dy173            T1/2 = 1.43 s     (no file)
   Ho148[0X]        T1/2 = 9.59 s     (no level)
   Ho150[0X]        T1/2 = 23.5 s     (no level)
   Ho154[0X]        T1/2 = 3.1 min    (no level)
   Ho173            T1/2 = 6.9 s      (no file)
   Ho174            T1/2 = 3.2 s      (no file)
   Ho175            T1/2 = 1.9 s      (no file)
   Er147            T1/2 = 3.2 s      (no file)
   Er147[0X]        T1/2 = 1.6 s      (no file)
   Tm151[0X]        T1/2 = 6.6 s      (no level)
   Tm152[0X]        T1/2 = 5.2 s      (no level)
   Tm154[0X]        T1/2 = 3.3 s      (no level)
   Tm162[0X]        T1/2 = 24.3 s     (no level)
   Tm177[0X]        T1/2 = 1.283 min  (no level)
   Yb151[0X]        T1/2 = 1.6 s      (no level)
   Lu154[0X]        T1/2 = 1.12 s     (no level)
   Lu160[0X]        T1/2 = 40 s       (no level)
   Lu162[0X]        T1/2 = 1.5 min    (no level)
   Lu162[0Y]        T1/2 = 1.9 min    (no level)
   Ta161[0X]        T1/2 = 3.08 s     (no file)
   Ta178[0X]        T1/2 = 2.36 h     (no level)
   Re167[0X]        T1/2 = 5.9 s      (no level)
   Re169            T1/2 = 8.1 s      (no file)
   Re169[0X]        T1/2 = 15.1 s     (no file)
   Re172[0Y]        T1/2 = 55 s       (no level)
   Re182[0X]        T1/2 = 14.14 h    (no level)
   Re194            T1/2 = 5 s        (no level)
   Ir172[0X]        T1/2 = 4.4 s      (no file)
   Ir172[0Y]        T1/2 = 2.19 s     (no file)
   Ir186[0X]        T1/2 = 1.9 h      (no level)
   Au176[0Y]        T1/2 = 1.36 s     (no level)
   Au185[0X]        T1/2 = 6.8 min    (no level)
   Hg187            T1/2 = 1.9 min    (no level)
   Hg187[0X]        T1/2 = 2.4 min    (no level)
   Hg189[0X]        T1/2 = 8.6 min    (no level)
   Hg191[0X]        T1/2 = 50.8 min   (no level)
   Tl186            T1/2 = 3.4 s      (no level)
   Tl191[0X]        T1/2 = 5.22 min   (no file)
   Tl214            T1/2 = 11 s       (no file)
   Tl215            T1/2 = 9.7 s      (no file)
   Pb185[0X]        T1/2 = 4.3 s      (no level)
   Pb191[0X]        T1/2 = 2.18 min   (no level)
   Pb217            T1/2 = 19.9 s     (no file)
   Pb218            T1/2 = 15 s       (no file)
   Bi192            T1/2 = 34.6 s     (no level)
   Bi198            T1/2 = 10.3 min   (no level)
   Bi198[0X]        T1/2 = 11.6 min   (no level)
   Bi200[0X]        T1/2 = 31 min     (no level)
   Bi216[0X]        T1/2 = 6.6 min    (no level)
   Po222            T1/2 = 2 min      (no file)
   At202[0X]        T1/2 = 3.033 min  (no level)
   At224            T1/2 = 1.3 min    (no file)
   Fr206[0X]        T1/2 = 16 s       (no level)
   Ac222[0X]        T1/2 = 1.067 min  (no level)
   Np240[0X]        T1/2 = 7.22 min   (no level)
   Np242[0X]        T1/2 = 5.5 min    (no level)
   Am230            T1/2 = 31 s       (no file)
   Am236[0X]        T1/2 = 2.9 min    (no level)
   Am246[0X]        T1/2 = 25 min     (no level)
   Cm236            T1/2 = 6.8 min    (no file)
   Cm252            T1/2 = 2 d        (no file)
   Bk236            T1/2 = 22 s       (no file)
   Bk248[0Z]        T1/2 = 9 y        (no level)
   Es243[0X]        T1/2 = 21 s       (no file)
   Es246[0X]        T1/2 = 7.5 min    (no file)
   Es250[0X]        T1/2 = 2.22 h     (no level)
   Es256[0X]        T1/2 = 7.6 h      (no level)
   Md246[0Y]        T1/2 = 4.4 s      (no level)
   Md249[0X]        T1/2 = 1.9 s      (no level)
   Md250            T1/2 = 52 s       (no file)
   Md254            T1/2 = 10 min     (no file)
   Md254[0X]        T1/2 = 28 min     (no file)
   Lr253[0Y]        T1/2 = 1.49 s     (no file)
   Lr264            T1/2 = 4.9 h      (no file)
   Rf261[0X]        T1/2 = 1.133 min  (no level)
   Rf267            T1/2 = 1.3 h      (no file)
   Db258[0X]        T1/2 = 1.9 s      (no level)
   Db258[0Y]        T1/2 = 20 s       (no level)
   Db266            T1/2 = 24 min     (no file)
   Sg267            T1/2 = 1.4 min    (no file)
   Mt276[0X]        T1/2 = 4 s        (no level)
   total: 147 (excited levels without flag are excluded: Geant4 applies IT to them)

rdecay01 results from rdecay01_C_all_levels.log (147 levels)

  silent: 56
    Zr82             T1/2 = 32 s       Geant4 primary: Zr82
    Nb83             T1/2 = 3.9 s      Geant4 primary: Nb83
    Nb85             T1/2 = 20.5 s     Geant4 primary: Nb85
    Te139            T1/2 = 1.6 s      Geant4 primary: Te139
    Pr126            T1/2 = 3.14 s     Geant4 primary: Pr126
    Pr155            T1/2 = 1.47 s     Geant4 primary: Pr155
    Nd129            T1/2 = 6.7 s      Geant4 primary: Nd129
    Nd130            T1/2 = 13 s       Geant4 primary: Nd130
    Nd157            T1/2 = 1.15 s     Geant4 primary: Nd157
    Pm161            T1/2 = 1.05 s     Geant4 primary: Pm161
    Sm163            T1/2 = 1.23 s     Geant4 primary: Sm163
    Sm164            T1/2 = 1.43 s     Geant4 primary: Sm164
    Gd167            T1/2 = 4.26 s     Geant4 primary: Gd167
    Gd168            T1/2 = 3.03 s     Geant4 primary: Gd168
    Tb143            T1/2 = 12 s       Geant4 primary: Tb143
    Tb169            T1/2 = 5.1 s      Geant4 primary: Tb169
    Tb171            T1/2 = 1.24 s     Geant4 primary: Tb171
    Dy142            T1/2 = 2.3 s      Geant4 primary: Dy142
    Dy170            T1/2 = 55 s       Geant4 primary: Dy170
    Dy171            T1/2 = 4.1 s      Geant4 primary: Dy171
    Dy173            T1/2 = 1.43 s     Geant4 primary: Dy173
    Ho173            T1/2 = 6.9 s      Geant4 primary: Ho173
    Ho174            T1/2 = 3.2 s      Geant4 primary: Ho174
    Ho175            T1/2 = 1.9 s      Geant4 primary: Ho175
    Er147            T1/2 = 3.2 s      Geant4 primary: Er147
    Lu154[0X]        T1/2 = 1.12 s     Geant4 primary: Lu154[0.00000X]
    Ta161[0X]        T1/2 = 3.08 s     Geant4 primary: Ta161[0.00000X]
    Ta178[0X]        T1/2 = 2.36 h     Geant4 primary: Ta178[0.00000X]
    Re169            T1/2 = 8.1 s      Geant4 primary: Re169
    Re194            T1/2 = 5 s        Geant4 primary: Re194
    Ir172[0X]        T1/2 = 4.4 s      Geant4 primary: Ir172[0.00000X]
    Hg187            T1/2 = 1.9 min    Geant4 primary: Hg187
    Tl186            T1/2 = 3.4 s      Geant4 primary: Tl186
    Tl191[0X]        T1/2 = 5.22 min   Geant4 primary: Tl191[0.00000X]
    Tl214            T1/2 = 11 s       Geant4 primary: Tl214
    Tl215            T1/2 = 9.7 s      Geant4 primary: Tl215
    Pb217            T1/2 = 19.9 s     Geant4 primary: Pb217
    Pb218            T1/2 = 15 s       Geant4 primary: Pb218
    Bi192            T1/2 = 34.6 s     Geant4 primary: Bi192
    Bi198            T1/2 = 10.3 min   Geant4 primary: Bi198
    Po222            T1/2 = 2 min      Geant4 primary: Po222
    At224            T1/2 = 1.3 min    Geant4 primary: At224
    Am230            T1/2 = 31 s       Geant4 primary: Am230
    Cm236            T1/2 = 6.8 min    Geant4 primary: Cm236
    Cm252            T1/2 = 2 d        Geant4 primary: Cm252
    Bk236            T1/2 = 22 s       Geant4 primary: Bk236
    Bk248[0Z]        T1/2 = 9 y        Geant4 primary: Bk248[0.00000Z]
    Es243[0X]        T1/2 = 21 s       Geant4 primary: Es243[0.00000X]
    Es246[0X]        T1/2 = 7.5 min    Geant4 primary: Es246[0.00000X]
    Md250            T1/2 = 52 s       Geant4 primary: Md250
    Md254            T1/2 = 10 min     Geant4 primary: Md254
    Lr264            T1/2 = 4.9 h      Geant4 primary: Lr264
    Rf261[0X]        T1/2 = 1.133 min  Geant4 primary: Rf261[0.00000X]
    Rf267            T1/2 = 1.3 h      Geant4 primary: Rf267
    Db266            T1/2 = 24 min     Geant4 primary: Db266
    Sg267            T1/2 = 1.4 min    Geant4 primary: Sg267

  not created: 90
    Cu76[0X]         T1/2 = 1.27 s     Geant4 primary: Cu76
    Y78[0X]          T1/2 = 5.8 s      Geant4 primary: Y78
    Nb85[0Z]         T1/2 = 12 s       Geant4 primary: Nb85
    Nb86[0Y]         T1/2 = 56 s       Geant4 primary: Nb86
    Nb88[0X]         T1/2 = 7.7 min    Geant4 primary: Nb88
    Nb102[0X]        T1/2 = 1.3 s      Geant4 primary: Nb102
    Tc88[0Y]         T1/2 = 5.8 s      Geant4 primary: Tc88[0.00000X]
    Tc102[0X]        T1/2 = 4.35 min   Geant4 primary: Tc102
    Ru91[0X]         T1/2 = 7.6 s      Geant4 primary: Ru91
    Rh94[0X]         T1/2 = 25.8 s     Geant4 primary: Rh94
    Rh108[0X]        T1/2 = 6 min      Geant4 primary: Rh108
    Rh110[0Y]        T1/2 = 28 s       Geant4 primary: Rh110
    Rh112[0Y]        T1/2 = 6.76 s     Geant4 primary: Rh112
    Rh114[0X]        T1/2 = 1.85 s     Geant4 primary: Rh114
    Ag96[0Y]         T1/2 = 6.9 s      Geant4 primary: Ag96[0.00000X]
    Ag119[0Y]        T1/2 = 6 s        Geant4 primary: Ag119[0.00000X]
    In120[0X]        T1/2 = 47.3 s     Geant4 primary: In120
    Sn131[0X]        T1/2 = 58.4 s     Geant4 primary: Sn131
    Sb120[0X]        T1/2 = 5.76 d     Geant4 primary: Sb120
    Sb128[0X]        T1/2 = 10.41 min  Geant4 primary: Sb128
    Sb132[0X]        T1/2 = 4.1 min    Geant4 primary: Sb132
    Cs117[0Z]        T1/2 = 6.5 s      Geant4 primary: Cs117
    Cs118[0X]        T1/2 = 17 s       Geant4 primary: Cs118
    Cs119[0X]        T1/2 = 30.4 s     Geant4 primary: Cs119
    Cs120[0X]        T1/2 = 57 s       Geant4 primary: Cs120
    La124[0Y]        T1/2 = 29.21 s    Geant4 primary: La124[0.00000V]
    La126[0W]        T1/2 = 50 s       Geant4 primary: La126[0.00000V]
    La146[0X]        T1/2 = 9.8 s      Geant4 primary: La146
    Ce151[0X]        T1/2 = 1.02 s     Geant4 primary: Ce151
    Pr134[0Y]        T1/2 = 11 min     Geant4 primary: Pr134[0.00000X]
    Nd129[0X]        T1/2 = 7 s        Geant4 primary: Nd129
    Nd129[0Z]        T1/2 = 2.6 s      Geant4 primary: Nd129
    Pm134[0X]        T1/2 = 22 s       Geant4 primary: Pm134
    Pm136[0Y]        T1/2 = 1.783 min  Geant4 primary: Pm136[0.00000X]
    Pm138[0X]        T1/2 = 3.24 min   Geant4 primary: Pm138
    Pm140[0X]        T1/2 = 5.95 min   Geant4 primary: Pm140
    Pm154[0X]        T1/2 = 1.73 min   Geant4 primary: Pm154
    Sm133[0Y]        T1/2 = 3.5 s      Geant4 primary: Sm133
    Eu136[0Y]        T1/2 = 3.8 s      Geant4 primary: Eu136[0.00000X]
    Eu142[0X]        T1/2 = 1.223 min  Geant4 primary: Eu142
    Gd139[0X]        T1/2 = 4.8 s      Geant4 primary: Gd139
    Tb143[0X]        T1/2 = 21 s       Geant4 primary: Tb143
    Tb146[0X]        T1/2 = 24.1 s     Geant4 primary: Tb146
    Tb154[0Y]        T1/2 = 22.7 h     Geant4 primary: Tb154
    Tb154[0X]        T1/2 = 9.4 h      Geant4 primary: Tb154
    Ho148[0X]        T1/2 = 9.59 s     Geant4 primary: Ho148
    Ho150[0X]        T1/2 = 23.5 s     Geant4 primary: Ho150
    Ho154[0X]        T1/2 = 3.1 min    Geant4 primary: Ho154
    Er147[0X]        T1/2 = 1.6 s      Geant4 primary: Er147
    Tm151[0X]        T1/2 = 6.6 s      Geant4 primary: Tm151
    Tm152[0X]        T1/2 = 5.2 s      Geant4 primary: Tm152
    Tm154[0X]        T1/2 = 3.3 s      Geant4 primary: Tm154
    Tm162[0X]        T1/2 = 24.3 s     Geant4 primary: Tm162
    Tm177[0X]        T1/2 = 1.283 min  Geant4 primary: Tm177
    Yb151[0X]        T1/2 = 1.6 s      Geant4 primary: Yb151
    Lu160[0X]        T1/2 = 40 s       Geant4 primary: Lu160
    Lu162[0X]        T1/2 = 1.5 min    Geant4 primary: Lu162
    Lu162[0Y]        T1/2 = 1.9 min    Geant4 primary: Lu162
    Re167[0X]        T1/2 = 5.9 s      Geant4 primary: Re167
    Re169[0X]        T1/2 = 15.1 s     Geant4 primary: Re169
    Re172[0Y]        T1/2 = 55 s       Geant4 primary: Re172[0.00000X]
    Re182[0X]        T1/2 = 14.14 h    Geant4 primary: Re182
    Ir172[0Y]        T1/2 = 2.19 s     Geant4 primary: Ir172[0.00000X]
    Ir186[0X]        T1/2 = 1.9 h      Geant4 primary: Ir186
    Au176[0Y]        T1/2 = 1.36 s     Geant4 primary: Au176[0.00000X]
    Au185[0X]        T1/2 = 6.8 min    Geant4 primary: Au185
    Hg187[0X]        T1/2 = 2.4 min    Geant4 primary: Hg187
    Hg189[0X]        T1/2 = 8.6 min    Geant4 primary: Hg189
    Hg191[0X]        T1/2 = 50.8 min   Geant4 primary: Hg191
    Pb185[0X]        T1/2 = 4.3 s      Geant4 primary: Pb185
    Pb191[0X]        T1/2 = 2.18 min   Geant4 primary: Pb191
    Bi198[0X]        T1/2 = 11.6 min   Geant4 primary: Bi198
    Bi200[0X]        T1/2 = 31 min     Geant4 primary: Bi200
    Bi216[0X]        T1/2 = 6.6 min    Geant4 primary: Bi216
    At202[0X]        T1/2 = 3.033 min  Geant4 primary: At202
    Fr206[0X]        T1/2 = 16 s       Geant4 primary: Fr206
    Ac222[0X]        T1/2 = 1.067 min  Geant4 primary: Ac222
    Np240[0X]        T1/2 = 7.22 min   Geant4 primary: Np240
    Np242[0X]        T1/2 = 5.5 min    Geant4 primary: Np242
    Am236[0X]        T1/2 = 2.9 min    Geant4 primary: Am236
    Am246[0X]        T1/2 = 25 min     Geant4 primary: Am246
    Es250[0X]        T1/2 = 2.22 h     Geant4 primary: Es250
    Es256[0X]        T1/2 = 7.6 h      Geant4 primary: Es256
    Md246[0Y]        T1/2 = 4.4 s      Geant4 primary: Md246[0.00000X]
    Md249[0X]        T1/2 = 1.9 s      Geant4 primary: Md249
    Md254[0X]        T1/2 = 28 min     Geant4 primary: Md254
    Lr253[0Y]        T1/2 = 1.49 s     Geant4 primary: Lr253
    Db258[0X]        T1/2 = 1.9 s      Geant4 primary: Db258
    Db258[0Y]        T1/2 = 20 s       Geant4 primary: Db258
    Mt276[0X]        T1/2 = 4 s        Geant4 primary: Mt276

  decays: 1
    Pm152[150X]      T1/2 = 13.8 min   Geant4 primary: Pm152[150.00000X]  secondaries: Pm152, Pm152[16.03000], Pm152[25.02000], Pm152[44.45000], gamma
