RadioactiveDecay: /Users/riccardo/geant4-v11.4.1/share/Geant4/data/RadioactiveDecay6.1.2
ENSDFSTATE:       /Users/riccardo/geant4-v11.4.1/share/Geant4/data/G4ENSDFSTATE3.0/ENSDFSTATE.dat

1. 'P'-line half-lives differing from ENSDFSTATE by more than 1 %
   Li8[3210]        P line 4.22e-21 s  ENSDFSTATE 4.557e-22 s
   Li8[5400]        P line 4.22e-21 s  ENSDFSTATE 7.011e-22 s
   Li8[9670]        P line 4.22e-21 s  ENSDFSTATE 4.557e-22 s
   Be8[3030]        P line 1.3e-22 s   ENSDFSTATE 3.012e-22 s
   Be9[2780]        P line 4.22e-21 s  ENSDFSTATE 4.143e-22 s
   Be9[7940]        P line 4.22e-21 s  ENSDFSTATE 4.557e-22 s
   Be9[11282]       P line 4.22e-21 s  ENSDFSTATE 7.925e-22 s
   Be9[11810]       P line 4.22e-21 s  ENSDFSTATE 1.139e-21 s
   O17[5086.8]      P line 4.747e-21 s ENSDFSTATE 5.063e-21 s
   O17[5387.1]      P line 1.628e-20 s ENSDFSTATE 1.228e-20 s
   Sc44             P line 2.442 d     ENSDFSTATE 4.042 h
   Sc44[271.241]    P line 4.042 h     ENSDFSTATE 2.442 d
   Cu68             P line 3.75 min    ENSDFSTATE 30.9 s
   Cu68[721.26]     P line 30.9 s      ENSDFSTATE 3.75 min
   Se79             P line 3.92 min    ENSDFSTATE 3.27e+05 y
   Se79[95.77]      P line 3.27e+05 y  ENSDFSTATE 3.92 min
   Se83             P line 1.168 min   ENSDFSTATE 22.3 min
   Se83[228.92]     P line 22.3 min    ENSDFSTATE 1.168 min
   Kr85             P line 4.48 h      ENSDFSTATE 10.74 y
   Kr85[304.871]    P line 10.74 y     ENSDFSTATE 4.48 h
   Rb98             P line 0.096 s     ENSDFSTATE 0.115 s
   Rb98[270]        P line 0.115 s     ENSDFSTATE 0.096 s
   Y85              P line 4.86 h      ENSDFSTATE 2.68 h
   Y85[19.68]       P line 2.68 h      ENSDFSTATE 4.86 h
   Y90              P line 3.19 h      ENSDFSTATE 2.669 d
   Y90[682.01]      P line 2.669 d     ENSDFSTATE 3.19 h
   Y100             P line 0.94 s      ENSDFSTATE 0.732 s
   Y100[145]        P line 0.732 s     ENSDFSTATE 0.94 s
   Nb100            P line 2.99 s      ENSDFSTATE 1.4 s
   Nb100[314]       P line 1.4 s       ENSDFSTATE 2.99 s
   Tc90             P line 8.7 s       ENSDFSTATE 49.2 s
   Tc90[144.1]      P line 49.2 s      ENSDFSTATE 8.7 s
   Rh100            P line 4.6 min     ENSDFSTATE 20.5 h
   Rh100[107.59]    P line 20.5 h      ENSDFSTATE 4.6 min
   Pd126            P line 0.023 s     ENSDFSTATE 0.0485 s
   Pd126[2406.4]    P line 0.0485 s    ENSDFSTATE 0.023 s
   Ag125[859.9X]    P line 4.91e-07 s  ENSDFSTATE 8e-08 s
   Ag125[1501.2]    P line 8e-08 s     ENSDFSTATE 4.91e-07 s
   Cd109[59.6]      P line 1.06e-05 s  ENSDFSTATE 1.18e-05 s
   Cd109[463.1]     P line 1.18e-05 s  ENSDFSTATE 1.06e-05 s
   In110            P line 1.152 h     ENSDFSTATE 4.92 h
   In110[62.08]     P line 4.92 h      ENSDFSTATE 1.152 h
   In123            P line 47.4 s      ENSDFSTATE 6.15 s
   In123[327.21]    P line 6.15 s      ENSDFSTATE 47.4 s
   In129            P line 1.23 s      ENSDFSTATE 0.611 s
   In129[459]       P line 0.611 s     ENSDFSTATE 1.23 s
   Sb129            P line 17.7 min    ENSDFSTATE 4.366 h
   Sb129[1851.31]   P line 4.366 h     ENSDFSTATE 17.7 min
   Cs138            P line 2.91 min    ENSDFSTATE 32.5 min
   Cs138[79.9]      P line 32.5 min    ENSDFSTATE 2.91 min
   Eu152            P line 9.312 h     ENSDFSTATE 13.52 y
   Eu152[45.5998]   P line 13.52 y     ENSDFSTATE 9.312 h
   Tb158[110.3]     P line 0.0004 s    ENSDFSTATE 10.7 s
   Tb158[388.39]    P line 10.7 s      ENSDFSTATE 0.0004 s
   Dy149            P line 0.49 s      ENSDFSTATE 4.2 min
   Dy149[2660.94]   P line 4.2 min     ENSDFSTATE 0.49 s
   Dy165            P line 1.257 min   ENSDFSTATE 2.331 h
   Dy165[108.156]   P line 2.331 h     ENSDFSTATE 1.257 min
   Ho149            P line 56 s        ENSDFSTATE 21 s
   Ho149[48.8]      P line 21 s        ENSDFSTATE 56 s
   Lu150            P line 3.9e-05 s   ENSDFSTATE 0.045 s
   Lu150[22]        P line 0.045 s     ENSDFSTATE 3.9e-05 s
   Hf156            P line 0.00052 s   ENSDFSTATE 0.023 s
   Hf156[1959]      P line 0.023 s     ENSDFSTATE 0.00052 s
   Ta156            P line 0.36 s      ENSDFSTATE 0.106 s
   Ta156[102]       P line 0.106 s     ENSDFSTATE 0.36 s
   Ir192[56.72]     P line 73.83 d     ENSDFSTATE 1.45 min
   Ir194            P line 171 d       ENSDFSTATE 19.18 h
   Ir194[190X]      P line 19.18 h     ENSDFSTATE 171 d
   Pb187            P line 18.3 s      ENSDFSTATE 15.2 s
   Pb187[33]        P line 15.2 s      ENSDFSTATE 18.3 s
   Po201            P line 8.96 min    ENSDFSTATE 15.5 min
   Po201[423.41]    P line 15.5 min    ENSDFSTATE 8.96 min
   At197            P line 2 s         ENSDFSTATE 0.388 s
   At197[52]        P line 0.388 s     ENSDFSTATE 2 s
   Rn214[1442.7]    P line 6.5e-09 s   ENSDFSTATE 6.9e-10 s
   Rn214[1625.1]    P line 6.9e-10 s   ENSDFSTATE 6.5e-09 s
   Np236            P line 22.5 h      ENSDFSTATE 1.55e+05 y
   Np236[57]        P line 1.55e+05 y  ENSDFSTATE 22.5 h
   Lr255[1408.6Y]   P line 2.54 s      ENSDFSTATE 0.0017 s
   total: 80

2. File format
   decay-mode lines by number of columns: 3 columns: 9832, 5 columns: 61405, 6 columns: 826
   lines breaking the length rule of LoadDecayTable: 0
   longest line: 113 characters (buffer: 120)
   levels with detail lines: 3228; levels where the detail percentages of some mode do not add up to 100 (+-1): 1486
