RadioactiveDecay: /Users/riccardo/geant4-v11.4.1/share/Geant4/data/RadioactiveDecay6.1.2
ENSDFSTATE:       /Users/riccardo/geant4-v11.4.1/share/Geant4/data/G4ENSDFSTATE3.0/ENSDFSTATE.dat

A. Ground states (no floating flag) with an IT branch onto themselves
   Br92     IT 0.5      (other modes: BetaMinus 0.5)
   Y92      IT 0.5      (other modes: BetaMinus 0.5)
   Tc102    IT 0.019608 (other modes: BetaMinus 0.98039)
   Sb128    IT 0.034749 (other modes: BetaMinus 0.96525)
   Eu140    IT 0.5      (other modes: MshellEC 0.00088604, BetaPlus 0.47431, KshellEC 0.021716, LshellEC 0.0030878)
   Tb154    IT 0.17898  (other modes: BetaMinus 8.2102e-28, MshellEC 0.030006, BetaPlus 0.022317, KshellEC 0.66569, LshellEC 0.10301)
   Ir186    IT 0.2      (other modes: MshellEC 0.033475, BetaPlus 0.044635, KshellEC 0.61542, LshellEC 0.10647)
   Au190    IT 0.5      (other modes: Alpha 5e-09, MshellEC 0.020975, BetaPlus 0.041599, KshellEC 0.37171, LshellEC 0.065714)
   Np240    IT 0.0011986 (other modes: BetaMinus 0.9988)
   No253    IT 0.44444  (other modes: Alpha 0.35556, BetaPlus 0.2)

B. Levels with non-IT decay branches having Q <= 0 (intensity > 0)
   Ni59               4 branches,    0.000 % of decays, BetaPlus/KshellEC/LshellEC/MshellEC; Q = -26.246, -26.246, -26.246, ...
   Rb98              11 branches,  100.001 % of decays, BetaMinus; Q = -215.64, -1224.4, -1600.69, ...
   Rb98[270]         22 branches,   82.706 % of decays, BetaMinus; Q = -164.07, -597.37, -601.34, ...
   Y88               16 branches,  100.000 % of decays, BetaPlus/KshellEC/LshellEC/MshellEC; Q = -1836.09, -2734.14, -3218.49, ...
   Y92               11 branches,  100.000 % of decays, BetaMinus; Q = 0, -934.51, -1382.77, ...
   Y94                7 branches,    2.671 % of decays, BetaMinus; Q = -50, -164.31, -324.42, ...
   Y96               23 branches,    0.468 % of decays, BetaMinus; Q = -60.5, -285.5, -385.75, ...
   Y96[1140]          2 branches,    1.600 % of decays, BetaMinus; Q = -36.9, -307.8
   Y97               11 branches,  100.000 % of decays, BetaMinus; Q = 0, -1103.13, -1264.35, ...
   Y97[667.52]       22 branches,   99.300 % of decays, BetaMinus; Q = -435.61, -596.83, -732.5, ...
   Y97[3522.6]        2 branches,    5.200 % of decays, BetaMinus; Q = -2047.5, -2084
   Zr85             128 branches,  100.000 % of decays, BetaPlus/KshellEC/LshellEC/MshellEC; Q = -19.68, -266.18, -435.95, ...
   Nb84              20 branches,  100.000 % of decays, BetaPlus/KshellEC/LshellEC/MshellEC; Q = -539.92, -1119.31, -1262.81, ...
   Nb87               4 branches,  100.000 % of decays, BetaPlus/KshellEC/LshellEC/MshellEC; Q = -335.84, -335.84, -335.84, ...
   Nb87[3.9]         12 branches,   60.884 % of decays, BetaPlus/KshellEC/LshellEC/MshellEC; Q = -197.01, -466.73, -1880.5, ...
   Nb100             90 branches,  100.000 % of decays, BetaMinus; Q = 0, -535.59, -695.13, ...
   Nb100[314]        82 branches,  100.000 % of decays, BetaMinus; Q = -822.02, -1293.37, -1457.44, ...
   Nb101             13 branches,  100.000 % of decays, BetaMinus; Q = -13.497, -170.958, -237.732, ...
   Mo87              16 branches,  100.000 % of decays, BetaPlus/KshellEC/LshellEC/MshellEC; Q = -3.9, -266.9, -334, ...
   Mo99               9 branches,  100.000 % of decays, BetaMinus; Q = -142.684, -509.096, -671.477, ...
   Tc86               4 branches,  100.000 % of decays, BetaPlus/KshellEC/LshellEC/MshellEC; Q = 0, 0, 0, ...
   Tc101              8 branches,  100.000 % of decays, BetaMinus; Q = -306.858, -311.368, -545.115, ...
   Ru103              7 branches,  100.000 % of decays, BetaMinus; Q = 0, -294.965, -357.396, ...
   Ru105             26 branches,  100.001 % of decays, BetaMinus; Q = -1136, -1265.74, -1285.12, ...
   Ru107             34 branches,   33.814 % of decays, BetaMinus; Q = -154.648, -228.96, -334.878, ...
   Ru108              3 branches,  100.000 % of decays, BetaMinus; Q = 0, -14.54, -164.98
   Rh98              28 branches,  100.001 % of decays, BetaPlus/KshellEC/LshellEC/MshellEC; Q = -652.46, -1414.36, -1817.19, ...
   Rh98[56.3]        20 branches,   11.000 % of decays, BetaPlus/KshellEC/LshellEC/MshellEC; Q = -1341.61, -1740.73, -1956.51, ...
   Rh105              5 branches,  100.000 % of decays, BetaMinus; Q = 0, -280.62, -306.41, ...
   Rh106             28 branches,   13.313 % of decays, BetaMinus; Q = -561.42, -567.16, -995.65, ...
   Rh106[137]         8 branches,  100.000 % of decays, BetaMinus; Q = -1228.72, -1373.09, -1380.32, ...
   Rh108              1 branches,    0.000 % of decays, BetaMinus; Q = -30.96
   Rh111              6 branches,  100.000 % of decays, BetaMinus; Q = -72.2, -191.3, -195.1, ...
   Rh116              7 branches,  100.000 % of decays, BetaMinus; Q = 0, -340.26, -737.84, ...
   Rh116[150]        22 branches,  100.000 % of decays, BetaMinus; Q = -727.58, -1223.01, -1408.97, ...
   Pd126              1 branches,  100.000 % of decays, BetaMinus; Q = -254.8
   Ag117             28 branches,  100.000 % of decays, BetaMinus; Q = 0, -135.4, -278.4, ...
   Ag117[28.6]       12 branches,   99.999 % of decays, BetaMinus; Q = -106.8, -107.8, -249.8, ...
   Ag118              1 branches,  100.000 % of decays, BetaMinus; Q = 0
   Ag118[127.63]      1 branches,   59.000 % of decays, BetaMinus; Q = -3201.37
   Ag120             11 branches,  100.000 % of decays, BetaMinus; Q = -505.94, -1203.7, -1323.07, ...
   Ag120[203]         2 branches,  100.000 % of decays, BetaMinus; Q = -1830.7, -1926.6
   Cd105            168 branches,  100.001 % of decays, BetaPlus/KshellEC/LshellEC/MshellEC; Q = -25.468, -877.82, -987.304, ...
   Cd107             44 branches,  100.000 % of decays, BetaPlus/KshellEC/LshellEC/MshellEC; Q = -93.125, -324.81, -423.15, ...
   Sn106             10 branches,  100.000 % of decays, BetaPlus/KshellEC; Q = -506.3, -893, -1218.7, ...
   Sn113              9 branches,   99.999 % of decays, KshellEC/LshellEC/MshellEC; Q = -391.699, -646.83, -1029.65, ...
   Sn133             86 branches,  100.000 % of decays, BetaMinus; Q = 0, -962.3, -2439.57, ...
   Te133              1 branches,    0.128 % of decays, BetaMinus; Q = -15.83
   I132              33 branches,  100.000 % of decays, BetaMinus; Q = -1440.32, -1803.71, -1963.01, ...
   I132[120]          4 branches,   14.000 % of decays, BetaMinus; Q = -2094.01, -2530.3, -2708, ...
   Eu130              1 branches,  100.000 % of decays, Proton; Q = 0
   Tb150              5 branches,    0.001 % of decays, Alpha/BetaPlus/KshellEC/LshellEC/MshellEC; Q = -6778.9, -86.9, -86.9, ...
   Tb162              1 branches,    0.027 % of decays, BetaMinus; Q = -69.7
   Dy163              1 branches,  100.000 % of decays, BetaMinus; Q = -2.831
   Ho141[66]          1 branches,    1.700 % of decays, Proton; Q = -136.2
   Ho154              1 branches,    0.001 % of decays, Alpha; Q = -17764.3
   Ho171              1 branches,  100.000 % of decays, BetaMinus; Q = -1766.2
   Er165              3 branches,  100.000 % of decays, KshellEC/LshellEC/MshellEC; Q = 0, 0, 0
   Yb164              9 branches,    0.319 % of decays, KshellEC/LshellEC/MshellEC; Q = -28.4, -51.98, -160.02, ...
   Lu150              1 branches,   76.000 % of decays, Proton; Q = 0
   Lu156[0X]          1 branches,  100.000 % of decays, Alpha; Q = -704
   Hf161              1 branches,    0.290 % of decays, Alpha; Q = -3227.5
   W161               1 branches,   73.000 % of decays, Alpha; Q = -576.4
   Ir194[190X]        1 branches,   97.000 % of decays, BetaMinus; Q = -20.14
   Au180              1 branches,    0.900 % of decays, Alpha; Q = -1309
   Au181              1 branches,    0.002 % of decays, Alpha; Q = -3375.2
   Bi195              1 branches,    0.027 % of decays, Alpha; Q = -1096.4
   Bi196[271]         1 branches,    0.000 % of decays, Alpha; Q = -1740.9
   Po212[2930]        1 branches,    1.021 % of decays, Alpha; Q = -15315.8
   Fr214[121]         1 branches,    0.050 % of decays, Alpha; Q = -357.3
   Ra214[1865.2]      1 branches,    0.005 % of decays, Alpha; Q = -2887.8
   U228               1 branches,    0.646 % of decays, Alpha; Q = -7300
   Pu233              1 branches,    0.120 % of decays, Alpha; Q = -15
   Am234              1 branches,   99.961 % of decays, BetaPlus; Q = -60
   Cm248              1 branches,    0.009 % of decays, Alpha; Q = -957.9

C. ENSDFSTATE levels with 1 s <= T1/2 < 1e15 s and no decay data in the library
   Cu76[0X]         T1/2 = 1.27 s     (no level)
   Y78[0X]          T1/2 = 5.8 s      (no level)
   Zr82             T1/2 = 32 s       (no file)
   Nb83             T1/2 = 3.9 s      (no file)
   Nb85             T1/2 = 20.5 s     (no level)
   Nb85[0Z]         T1/2 = 12 s       (no level)
   Nb86[0Y]         T1/2 = 56 s       (no level)
   Nb88[0X]         T1/2 = 7.7 min    (no level)
   Nb102[0X]        T1/2 = 1.3 s      (no level)
   Tc88[0Y]         T1/2 = 5.8 s      (no level)
   Tc102[0X]        T1/2 = 4.35 min   (no level)
   Ru91[0X]         T1/2 = 7.6 s      (no level)
   Rh94[0X]         T1/2 = 25.8 s     (no level)
   Rh108[0X]        T1/2 = 6 min      (no level)
   Rh110[0Y]        T1/2 = 28 s       (no level)
   Rh112[0Y]        T1/2 = 6.76 s     (no level)
   Rh114[0X]        T1/2 = 1.85 s     (no level)
   Ag96[0Y]         T1/2 = 6.9 s      (no level)
   Ag119[0Y]        T1/2 = 6 s        (no level)
   In120[0X]        T1/2 = 47.3 s     (no level)
   Sn131[0X]        T1/2 = 58.4 s     (no level)
   Sb120[0X]        T1/2 = 5.76 d     (no level)
   Sb128[0X]        T1/2 = 10.41 min  (no level)
   Sb132[0X]        T1/2 = 4.1 min    (no level)
   Te139            T1/2 = 1.6 s      (no file)
   Cs117[0Z]        T1/2 = 6.5 s      (no level)
   Cs118[0X]        T1/2 = 17 s       (no level)
   Cs119[0X]        T1/2 = 30.4 s     (no level)
   Cs120[0X]        T1/2 = 57 s       (no level)
   La124[0Y]        T1/2 = 29.21 s    (no level)
   La126[0W]        T1/2 = 50 s       (no level)
   La146[0X]        T1/2 = 9.8 s      (no level)
   Ce151[0X]        T1/2 = 1.02 s     (no level)
   Pr126            T1/2 = 3.14 s     (no file)
   Pr134[0Y]        T1/2 = 11 min     (no level)
   Pr155            T1/2 = 1.47 s     (no file)
   Nd129            T1/2 = 6.7 s      (no file)
   Nd129[0X]        T1/2 = 7 s        (no file)
   Nd129[0Z]        T1/2 = 2.6 s      (no file)
   Nd130            T1/2 = 13 s       (no file)
   Nd157            T1/2 = 1.15 s     (no file)
   Pm134[0X]        T1/2 = 22 s       (no level)
   Pm136[0Y]        T1/2 = 1.783 min  (no level)
   Pm138[0X]        T1/2 = 3.24 min   (no level)
   Pm140[0X]        T1/2 = 5.95 min   (no level)
   Pm152[150X]      T1/2 = 13.8 min   (no level)
   Pm154[0X]        T1/2 = 1.73 min   (no level)
   Pm161            T1/2 = 1.05 s     (no level)
   Sm133[0Y]        T1/2 = 3.5 s      (no level)
   Sm163            T1/2 = 1.23 s     (no file)
   Sm164            T1/2 = 1.43 s     (no level)
   Eu136[0Y]        T1/2 = 3.8 s      (no level)
   Eu142[0X]        T1/2 = 1.223 min  (no level)
   Gd139[0X]        T1/2 = 4.8 s      (no level)
   Gd167            T1/2 = 4.26 s     (no file)
   Gd168            T1/2 = 3.03 s     (no file)
   Tb143            T1/2 = 12 s       (no file)
   Tb143[0X]        T1/2 = 21 s       (no file)
   Tb146[0X]        T1/2 = 24.1 s     (no level)
   Tb154[0Y]        T1/2 = 22.7 h     (no level)
   Tb154[0X]        T1/2 = 9.4 h      (no level)
   Tb169            T1/2 = 5.1 s      (no file)
   Tb171            T1/2 = 1.24 s     (no file)
   Dy142            T1/2 = 2.3 s      (no level)
   Dy170            T1/2 = 55 s       (no level)
   Dy171            T1/2 = 4.1 s      (no file)
   Dy173            T1/2 = 1.43 s     (no file)
   Ho148[0X]        T1/2 = 9.59 s     (no level)
   Ho150[0X]        T1/2 = 23.5 s     (no level)
   Ho154[0X]        T1/2 = 3.1 min    (no level)
   Ho173            T1/2 = 6.9 s      (no file)
   Ho174            T1/2 = 3.2 s      (no file)
   Ho175            T1/2 = 1.9 s      (no file)
   Er147            T1/2 = 3.2 s      (no file)
   Er147[0X]        T1/2 = 1.6 s      (no file)
   Tm151[0X]        T1/2 = 6.6 s      (no level)
   Tm152[0X]        T1/2 = 5.2 s      (no level)
   Tm154[0X]        T1/2 = 3.3 s      (no level)
   Tm162[0X]        T1/2 = 24.3 s     (no level)
   Tm177[0X]        T1/2 = 1.283 min  (no level)
   Yb151[0X]        T1/2 = 1.6 s      (no level)
   Lu154[0X]        T1/2 = 1.12 s     (no level)
   Lu160[0X]        T1/2 = 40 s       (no level)
   Lu162[0X]        T1/2 = 1.5 min    (no level)
   Lu162[0Y]        T1/2 = 1.9 min    (no level)
   Ta161[0X]        T1/2 = 3.08 s     (no file)
   Ta178[0X]        T1/2 = 2.36 h     (no level)
   Re167[0X]        T1/2 = 5.9 s      (no level)
   Re169            T1/2 = 8.1 s      (no file)
   Re169[0X]        T1/2 = 15.1 s     (no file)
   Re172[0Y]        T1/2 = 55 s       (no level)
   Re182[0X]        T1/2 = 14.14 h    (no level)
   Re194            T1/2 = 5 s        (no level)
   Ir172[0X]        T1/2 = 4.4 s      (no file)
   Ir172[0Y]        T1/2 = 2.19 s     (no file)
   Ir186[0X]        T1/2 = 1.9 h      (no level)
   Au176[0Y]        T1/2 = 1.36 s     (no level)
   Au185[0X]        T1/2 = 6.8 min    (no level)
   Hg187            T1/2 = 1.9 min    (no level)
   Hg187[0X]        T1/2 = 2.4 min    (no level)
   Hg189[0X]        T1/2 = 8.6 min    (no level)
   Hg191[0X]        T1/2 = 50.8 min   (no level)
   Tl186            T1/2 = 3.4 s      (no level)
   Tl191[0X]        T1/2 = 5.22 min   (no file)
   Tl214            T1/2 = 11 s       (no file)
   Tl215            T1/2 = 9.7 s      (no file)
   Pb185[0X]        T1/2 = 4.3 s      (no level)
   Pb191[0X]        T1/2 = 2.18 min   (no level)
   Pb217            T1/2 = 19.9 s     (no file)
   Pb218            T1/2 = 15 s       (no file)
   Bi192            T1/2 = 34.6 s     (no level)
   Bi198            T1/2 = 10.3 min   (no level)
   Bi198[0X]        T1/2 = 11.6 min   (no level)
   Bi200[0X]        T1/2 = 31 min     (no level)
   Bi216[0X]        T1/2 = 6.6 min    (no level)
   Po222            T1/2 = 2 min      (no file)
   At202[0X]        T1/2 = 3.033 min  (no level)
   At224            T1/2 = 1.3 min    (no file)
   Fr206[0X]        T1/2 = 16 s       (no level)
   Ac222[0X]        T1/2 = 1.067 min  (no level)
   Np240[0X]        T1/2 = 7.22 min   (no level)
   Np242[0X]        T1/2 = 5.5 min    (no level)
   Am230            T1/2 = 31 s       (no file)
   Am236[0X]        T1/2 = 2.9 min    (no level)
   Am246[0X]        T1/2 = 25 min     (no level)
   Cm236            T1/2 = 6.8 min    (no file)
   Cm252            T1/2 = 2 d        (no file)
   Bk236            T1/2 = 22 s       (no file)
   Bk248[0Z]        T1/2 = 9 y        (no level)
   Es243[0X]        T1/2 = 21 s       (no file)
   Es246[0X]        T1/2 = 7.5 min    (no file)
   Es250[0X]        T1/2 = 2.22 h     (no level)
   Es256[0X]        T1/2 = 7.6 h      (no level)
   Md246[0Y]        T1/2 = 4.4 s      (no level)
   Md249[0X]        T1/2 = 1.9 s      (no level)
   Md250            T1/2 = 52 s       (no file)
   Md254            T1/2 = 10 min     (no file)
   Md254[0X]        T1/2 = 28 min     (no file)
   Lr253[0Y]        T1/2 = 1.49 s     (no file)
   Lr264            T1/2 = 4.9 h      (no file)
   Rf261[0X]        T1/2 = 1.133 min  (no level)
   Rf267            T1/2 = 1.3 h      (no file)
   Db258[0X]        T1/2 = 1.9 s      (no level)
   Db258[0Y]        T1/2 = 20 s       (no level)
   Db266            T1/2 = 24 min     (no file)
   Sg267            T1/2 = 1.4 min    (no file)
   Mt276[0X]        T1/2 = 4 s        (no level)
   total: 147 (excited levels without flag are excluded: Geant4 applies IT to them)

D. ENSDFSTATE levels without floating flag that LoadDecayTable matches to a floating level
   Rh92           T1/2 = 4.66 s    -> library level Rh92[0X] (T1/2 = 0.53 s): MshellEC 0.00020258, BetaPlus 0.99186, KshellEC 0.00708, LshellEC 0.00086236
   La128          T1/2 = 5.18 min  -> library level La128[0X] (T1/2 = 1.4 min): MshellEC 0.0041185, BetaPlus 0.87074, KshellEC 0.1103, LshellEC 0.014836
   Ho156[52.37]   T1/2 = 9.5 s     -> library level Ho156[52.37X] (T1/2 = 7.6 min): BetaPlus 0.07171, IT 0.92829
   Tm164          T1/2 = 1.95 min  -> library level Tm164[0X] (T1/2 = 5.1 min): MshellEC 0.0073409, BetaPlus 0.010129, KshellEC 0.15787, LshellEC 0.024659, IT 0.8
   Ta160          T1/2 = 1.55 s    -> library level Ta160[0X] (T1/2 = 1.7 s): Alpha 0.60241, BetaPlus 0.39759
   Md258          T1/2 = 51.5 d    -> library level Md258[0X] (T1/2 = 57 min): Alpha 0.76923, BetaMinus 0.23077, BetaPlus 7.6923e-28, SpFission 7.6923e-28

E. 'P'-line half-lives differing from ENSDFSTATE by more than 1 %
   Li8[3210]        P line 4.22e-21 s  ENSDFSTATE 4.557e-22 s
   Li8[5400]        P line 4.22e-21 s  ENSDFSTATE 7.011e-22 s
   Li8[9670]        P line 4.22e-21 s  ENSDFSTATE 4.557e-22 s
   Be8[3030]        P line 1.3e-22 s   ENSDFSTATE 3.012e-22 s
   Be9[2780]        P line 4.22e-21 s  ENSDFSTATE 4.143e-22 s
   Be9[7940]        P line 4.22e-21 s  ENSDFSTATE 4.557e-22 s
   Be9[11282]       P line 4.22e-21 s  ENSDFSTATE 7.925e-22 s
   Be9[11810]       P line 4.22e-21 s  ENSDFSTATE 1.139e-21 s
   O17[5086.8]      P line 4.747e-21 s ENSDFSTATE 5.063e-21 s
   O17[5387.1]      P line 1.628e-20 s ENSDFSTATE 1.228e-20 s
   Sc44             P line 2.442 d     ENSDFSTATE 4.042 h
   Sc44[271.241]    P line 4.042 h     ENSDFSTATE 2.442 d
   Cu68             P line 3.75 min    ENSDFSTATE 30.9 s
   Cu68[721.26]     P line 30.9 s      ENSDFSTATE 3.75 min
   Se79             P line 3.92 min    ENSDFSTATE 3.27e+05 y
   Se79[95.77]      P line 3.27e+05 y  ENSDFSTATE 3.92 min
   Se83             P line 1.168 min   ENSDFSTATE 22.3 min
   Se83[228.92]     P line 22.3 min    ENSDFSTATE 1.168 min
   Kr85             P line 4.48 h      ENSDFSTATE 10.74 y
   Kr85[304.871]    P line 10.74 y     ENSDFSTATE 4.48 h
   Rb98             P line 0.096 s     ENSDFSTATE 0.115 s
   Rb98[270]        P line 0.115 s     ENSDFSTATE 0.096 s
   Y85              P line 4.86 h      ENSDFSTATE 2.68 h
   Y85[19.68]       P line 2.68 h      ENSDFSTATE 4.86 h
   Y90              P line 3.19 h      ENSDFSTATE 2.669 d
   Y90[682.01]      P line 2.669 d     ENSDFSTATE 3.19 h
   Y100             P line 0.94 s      ENSDFSTATE 0.732 s
   Y100[145]        P line 0.732 s     ENSDFSTATE 0.94 s
   Nb100            P line 2.99 s      ENSDFSTATE 1.4 s
   Nb100[314]       P line 1.4 s       ENSDFSTATE 2.99 s
   Tc90             P line 8.7 s       ENSDFSTATE 49.2 s
   Tc90[144.1]      P line 49.2 s      ENSDFSTATE 8.7 s
   Rh100            P line 4.6 min     ENSDFSTATE 20.5 h
   Rh100[107.59]    P line 20.5 h      ENSDFSTATE 4.6 min
   Pd126            P line 0.023 s     ENSDFSTATE 0.0485 s
   Pd126[2406.4]    P line 0.0485 s    ENSDFSTATE 0.023 s
   Ag125[859.9X]    P line 4.91e-07 s  ENSDFSTATE 8e-08 s
   Ag125[1501.2]    P line 8e-08 s     ENSDFSTATE 4.91e-07 s
   Cd109[59.6]      P line 1.06e-05 s  ENSDFSTATE 1.18e-05 s
   Cd109[463.1]     P line 1.18e-05 s  ENSDFSTATE 1.06e-05 s
   In110            P line 1.152 h     ENSDFSTATE 4.92 h
   In110[62.08]     P line 4.92 h      ENSDFSTATE 1.152 h
   In123            P line 47.4 s      ENSDFSTATE 6.15 s
   In123[327.21]    P line 6.15 s      ENSDFSTATE 47.4 s
   In129            P line 1.23 s      ENSDFSTATE 0.611 s
   In129[459]       P line 0.611 s     ENSDFSTATE 1.23 s
   Sb129            P line 17.7 min    ENSDFSTATE 4.366 h
   Sb129[1851.31]   P line 4.366 h     ENSDFSTATE 17.7 min
   Cs138            P line 2.91 min    ENSDFSTATE 32.5 min
   Cs138[79.9]      P line 32.5 min    ENSDFSTATE 2.91 min
   Eu152            P line 9.312 h     ENSDFSTATE 13.52 y
   Eu152[45.5998]   P line 13.52 y     ENSDFSTATE 9.312 h
   Tb158[110.3]     P line 0.0004 s    ENSDFSTATE 10.7 s
   Tb158[388.39]    P line 10.7 s      ENSDFSTATE 0.0004 s
   Dy149            P line 0.49 s      ENSDFSTATE 4.2 min
   Dy149[2660.94]   P line 4.2 min     ENSDFSTATE 0.49 s
   Dy165            P line 1.257 min   ENSDFSTATE 2.331 h
   Dy165[108.156]   P line 2.331 h     ENSDFSTATE 1.257 min
   Ho149            P line 56 s        ENSDFSTATE 21 s
   Ho149[48.8]      P line 21 s        ENSDFSTATE 56 s
   Lu150            P line 3.9e-05 s   ENSDFSTATE 0.045 s
   Lu150[22]        P line 0.045 s     ENSDFSTATE 3.9e-05 s
   Hf156            P line 0.00052 s   ENSDFSTATE 0.023 s
   Hf156[1959]      P line 0.023 s     ENSDFSTATE 0.00052 s
   Ta156            P line 0.36 s      ENSDFSTATE 0.106 s
   Ta156[102]       P line 0.106 s     ENSDFSTATE 0.36 s
   Ir192[56.72]     P line 73.83 d     ENSDFSTATE 1.45 min
   Ir194            P line 171 d       ENSDFSTATE 19.18 h
   Ir194[190X]      P line 19.18 h     ENSDFSTATE 171 d
   Pb187            P line 18.3 s      ENSDFSTATE 15.2 s
   Pb187[33]        P line 15.2 s      ENSDFSTATE 18.3 s
   Po201            P line 8.96 min    ENSDFSTATE 15.5 min
   Po201[423.41]    P line 15.5 min    ENSDFSTATE 8.96 min
   At197            P line 2 s         ENSDFSTATE 0.388 s
   At197[52]        P line 0.388 s     ENSDFSTATE 2 s
   Rn214[1442.7]    P line 6.5e-09 s   ENSDFSTATE 6.9e-10 s
   Rn214[1625.1]    P line 6.9e-10 s   ENSDFSTATE 6.5e-09 s
   Np236            P line 22.5 h      ENSDFSTATE 1.55e+05 y
   Np236[57]        P line 1.55e+05 y  ENSDFSTATE 22.5 h
   Lr255[1408.6Y]   P line 2.54 s      ENSDFSTATE 0.0017 s
   total: 80
